hjcode.dat                                                      62213c26000002060724
fjcode.dat                                                      20e85f88000000005152
opcode.dat                                                      b2a85e5e000000090708
upcode.dat                                                      d192eaec000000002772
cjcode.dat                                                      95cc78ff000001983600
pjcode.dat                                                      c0cb0f79000001260992
gpcode_n.dat                                                    6216d9d3000000001287
trcode.dat                                                      4e3e3ccd000000001752
sihwang.dat                                                     dafed00e000000024061
nkrealtime.dat                                                  bbc4576a000000025292
frcode.dat                                                      44c6d7f5000000167960
thcode.dat                                                      e8ed30b2000000345486
ewcode.dat                                                      8f9ff533000000004505
sfcode.dat                                                      4abfce19000000599040
hkcode.dat                                                      b2c1e5ec000000511736
hicode.dat                                                      809342cf000000004556
jpcode.dat                                                      102379b5000000791400
jicode.dat                                                      dbd70ef7000000014105
elcode.dat                                                      588c5c60000000220928
cfcode.dat                                                      19837709000000028304
cocode.dat                                                      9bc90728000000000232
opcode_sf2.dat                                                  ac55f8c8000000180740
infotm.dat                                                      582c170c000000645139
hjcode_m.dat                                                    407fd3d1000000957280
elcode_m.dat                                                    445be8f6000000103560
hjcodej_m.dat                                                   c35aa670000000638550
hjcodea_m.dat                                                   5e16ee0e000001057516
hjcodee_m.dat                                                   063e9383000000200216
efcode.dat                                                      9310a8d3000000163572
mopcode.dat                                                     f1c70d15000000054078
mopcode_sf2.dat                                                 2695c2f4000000107700
cacode.dat                                                      e7519faa000000259420
cucode.dat                                                      d8f14e40000000008576
gpcode_s.dat                                                    af2f3439000000001155
cocode_sf.dat                                                   a73b9a38000000000048
fmcode_x.dat                                                    03b5bc5b000005860116
kopcode.dat                                                     44a9a203000000024144
kopcode_sf2.dat                                                 9b89c569000000047940
cmcode_w.dat                                                    d6cc3668000000000132
excode.dat                                                      d21bbabf000000004488
eucode_w.dat                                                    df193be0000000091525
fucode.dat                                                      a6e254d2000000333312
nfwrealtime.dat                                                 de4778b8000000016084
uscode_w.dat                                                    c2347666000003742284
uicode.dat                                                      d3013891000000008897
umcode.dat                                                      f6a297cb000000062568
uucode.dat                                                      1c008e48000000002646
etfcategory.dat                                                 df555d2e000000015759
uetfcatelst.dat                                                 4242cb66000000530157
wkopcode.dat                                                    d551e2c8000000004938
wkopcode_sf2.dat                                                05780200000000009696
cacode_g.dat                                                    2a91d740000000571549
cucode_g.dat                                                    1cf0ab2f000000008576
hkcode_g.dat                                                    fcf443e4000000816912
hicode_g.dat                                                    d663299a000000004422
sgscode.dat                                                     e9f56ff2000000238656
sgdlctree.dat                                                   0253bbd7000000004163
narealtime.dat                                                  4f83552c000000035039
euwkcode.dat                                                    1e7c506a000000004308
euwksfcode.dat                                                  ada616e4000000008456
us_index_combo.dat                                              4404fb50000000001079
wmkopcode.dat                                                   9e74031d000000008264
wmkopcode_sf2.dat                                               f25c4108000000013144
euwmcode.dat                                                    2c9b1ab4000000007234
euwmsfcode.dat                                                  af63c920000000011504
