hjcode.dat                                                      6f6e259b000002608524
fjcode.dat                                                      283399e0000000005068
opcode.dat                                                      ae2a4f09000000218580
upcode.dat                                                      0ae6df8d000000002772
cjcode.dat                                                      a5bf0e86000002031276
pjcode.dat                                                      0f94edc7000001864736
gpcode_n.dat                                                    1a435e9a000000001221
trcode.dat                                                      a692ebb8000000001752
sihwang.dat                                                     0103866d000000024108
nkrealtime.dat                                                  2e485fb7000000027694
frcode.dat                                                      efe62f12000000169728
thcode.dat                                                      aa29ef67000000345486
ewcode.dat                                                      cf7de7b6000000004505
sfcode.dat                                                      33b62ae0000000640224
hkcode.dat                                                      b2c1e5ec000000511736
hicode.dat                                                      809342cf000000004556
jpcode.dat                                                      102379b5000000791400
jicode.dat                                                      dbd70ef7000000014105
elcode.dat                                                      73427972000000418176
cfcode.dat                                                      568d27f4000000028304
cocode.dat                                                      9bc90728000000000232
opcode_sf2.dat                                                  4a3d8292000000435716
wkqopcode.dat                                                   69ed01ed000000004666
wmkqopcode.dat                                                  40c090c3000000003822
wkqopcode_sf2.dat                                               cab2435d000000005810
wmkqopcode_sf2.dat                                              06bae554000000004758
infotm.dat                                                      7983babd000000650045
nfjcode.dat                                                     601d4576000000005439
nopcode.dat                                                     0c5bfd96000000601007
nmopcode.dat                                                    61b02770000000449207
nwkopcode.dat                                                   620a5c26000000000024
nwmkopcode.dat                                                  620a5c26000000000024
nkopcode.dat                                                    0fddd19f000000065912
ncfcode.dat                                                     63df8d79000000006300
nwkopsfcode.dat                                                 620a5c26000000000024
nwmkopsfcode.dat                                                620a5c26000000000024
fscode.dat                                                      fd59632c000000361584
nwkqopcode.dat                                                  5314d901000000005088
nwmkqopcode.dat                                                 71a17f73000000004244
nwkqopsfcode.dat                                                6e335ec9000000006336
nwmkqopsfcode.dat                                               97caf8be000000005284
hjcode_m.dat                                                    7435f420000001228640
elcode_m.dat                                                    5a05e478000000196020
hjcodej_m.dat                                                   942b6ed9000000661800
hjcodea_m.dat                                                   37afd138000001083240
hjcodee_m.dat                                                   9ef1784e000000378972
efcode.dat                                                      77c2eae6000000191780
mopcode.dat                                                     8eea5f87000000138660
mopcode_sf2.dat                                                 cd28168c000000276356
cacode.dat                                                      e7519faa000000259420
cucode.dat                                                      d8f14e40000000008576
gpcode_s.dat                                                    0502bc47000000001122
cocode_sf.dat                                                   a73b9a38000000000048
fmcode_x.dat                                                    03b5bc5b000005860116
kopcode.dat                                                     fd2272f9000000034816
kopcode_sf2.dat                                                 8679dae3000000069188
cmcode_w.dat                                                    d6cc3668000000000132
excode.dat                                                      fbcdf2e2000000004488
eucode_w.dat                                                    195c86ea000000092869
fucode.dat                                                      fd59632c000000361584
nfwrealtime.dat                                                 81d5c342000000019002
uscode_w.dat                                                    04f718c0000004183424
uicode.dat                                                      d3013891000000008897
umcode.dat                                                      159b9e57000000062370
uucode.dat                                                      c5a79d9b000000002646
etfcategory.dat                                                 df555d2e000000015759
uetfcatelst.dat                                                 56181ec3000000680021
wkopcode.dat                                                    620a5c26000000000024
wkopcode_sf2.dat                                                620a5c26000000000024
cacode_g.dat                                                    c5cecb3b000000637780
cucode_g.dat                                                    1cf0ab2f000000008576
hkcode_g.dat                                                    b32c85f6000000835605
hicode_g.dat                                                    d663299a000000004422
sgscode.dat                                                     b8f36bed000000241472
sgdlctree.dat                                                   0253bbd7000000004163
narealtime.dat                                                  d1c6fd44000000039292
euwkcode.dat                                                    d500fe12000000004434
euwksfcode.dat                                                  503777bf000000008704
us_index_combo.dat                                              4404fb50000000001079
wmkopcode.dat                                                   620a5c26000000000024
wmkopcode_sf2.dat                                               620a5c26000000000024
euwmcode.dat                                                    510f68ba000000006822
euwmsfcode.dat                                                  f3bf2762000000010848
popcode.dat                                                     b46ff43f000000527857
popcode_sf2.dat                                                 c3ea3c5c000000841832
pmopcode.dat                                                    d401f914000000394537
pmopcode_sf2.dat                                                596b8fdf000000629192
pkopcode.dat                                                    6b8a4b7b000000057904
pkopcode_sf2.dat                                                9b690983000000092276
pwkopcode.dat                                                   b9630b99000000027243
pwkopcode_sf2.dat                                               2aff77f3000000042852
pwmkopcode.dat                                                  ba401e13000000021335
pwmkopcode_sf2.dat                                              a84d3eb8000000033556
nwknopcode.dat                                                  1732468b000000029775
nwmknopcode.dat                                                 fa58a60d000000023867
nwknopsfcode.dat                                                3b7c948f000000037107
nwmknopsfcode.dat                                               469f279d000000029743
